0 verbose cli /usr/bin/node /usr/lib/node_modules/npm/bin/npm-cli.js
1 info using npm@10.8.2
2 info using node@v20.20.2
3 silly config load:file:/usr/lib/node_modules/npm/npmrc
4 silly config load:file:/home/user/.npmrc
5 silly config load:file:/usr/etc/npmrc
6 verbose title npm exec next build
7 verbose argv "exec" "--" "next" "build"
8 verbose logfile logs-max:10 dir:/home/user/.npm/_logs/2026-08-08T10_17_09_900Z-
9 verbose logfile /home/user/.npm/_logs/2026-08-08T10_17_09_900Z-debug-0.log
10 silly logfile done cleaning log files
11 silly packumentCache heap:998768640 maxSize:249692160 maxEntrySize:124846080
12 http fetch GET 200 https://registry.npmjs.org/npm 180ms
13 http fetch GET 200 https://registry.npmjs.org/next 577ms (cache miss)
14 silly packumentCache heap:998768640 maxSize:249692160 maxEntrySize:124846080
15 silly packumentCache heap:998768640 maxSize:249692160 maxEntrySize:124846080
16 warn exec The following package was not found and will be installed: next@16.3.0
17 silly idealTree buildDeps
18 silly fetch manifest next@16.3.0
19 silly packumentCache full:https://registry.npmjs.org/next cache-miss
20 http fetch GET 200 https://registry.npmjs.org/next 574ms (cache miss)
21 silly packumentCache full:https://registry.npmjs.org/next set size:undefined disposed:false
22 silly fetch manifest @opentelemetry/api@^1.1.0
23 silly packumentCache full:https://registry.npmjs.org/@opentelemetry%2fapi cache-miss
24 http fetch GET 200 https://registry.npmjs.org/@opentelemetry%2fapi 54ms (cache miss)
25 silly packumentCache full:https://registry.npmjs.org/@opentelemetry%2fapi set size:undefined disposed:false
26 silly fetch manifest @playwright/test@^1.51.1
27 silly packumentCache full:https://registry.npmjs.org/@playwright%2ftest cache-miss
28 http fetch GET 200 https://registry.npmjs.org/@playwright%2ftest 260ms (cache miss)
29 silly packumentCache full:https://registry.npmjs.org/@playwright%2ftest set size:undefined disposed:false
30 silly fetch manifest babel-plugin-react-compiler@*
31 silly packumentCache full:https://registry.npmjs.org/babel-plugin-react-compiler cache-miss
32 http fetch GET 200 https://registry.npmjs.org/babel-plugin-react-compiler 61ms (cache miss)
33 silly packumentCache full:https://registry.npmjs.org/babel-plugin-react-compiler set size:undefined disposed:false
34 silly fetch manifest react@^18.2.0 || 19.0.0-rc-de68d2f4-20241204 || ^19.0.0
35 silly packumentCache full:https://registry.npmjs.org/react cache-miss
36 http fetch GET 200 https://registry.npmjs.org/react 195ms (cache miss)
37 silly packumentCache full:https://registry.npmjs.org/react set size:undefined disposed:false
38 silly fetch manifest react-dom@^18.2.0 || 19.0.0-rc-de68d2f4-20241204 || ^19.0.0
39 silly packumentCache full:https://registry.npmjs.org/react-dom cache-miss
40 http fetch GET 200 https://registry.npmjs.org/react-dom 234ms (cache miss)
41 silly packumentCache full:https://registry.npmjs.org/react-dom set size:undefined disposed:false
42 silly fetch manifest sass@^1.3.0
43 silly packumentCache full:https://registry.npmjs.org/sass cache-miss
44 http fetch GET 200 https://registry.npmjs.org/sass 55ms (cache miss)
45 silly packumentCache full:https://registry.npmjs.org/sass set size:undefined disposed:false
46 silly placeDep ROOT next@16.3.0 OK for:  want: 16.3.0
47 silly placeDep ROOT react@19.2.8 OK for: next@16.3.0 want: ^18.2.0 || 19.0.0-rc-de68d2f4-20241204 || ^19.0.0
48 silly placeDep ROOT react-dom@19.2.8 OK for: next@16.3.0 want: ^18.2.0 || 19.0.0-rc-de68d2f4-20241204 || ^19.0.0
49 silly fetch manifest postcss@8.5.23
50 silly packumentCache full:https://registry.npmjs.org/postcss cache-miss
51 http fetch GET 200 https://registry.npmjs.org/postcss 50ms (cache miss)
52 silly packumentCache full:https://registry.npmjs.org/postcss set size:undefined disposed:false
53 silly fetch manifest @next/env@16.3.0
54 silly packumentCache full:https://registry.npmjs.org/@next%2fenv cache-miss
55 http fetch GET 200 https://registry.npmjs.org/@next%2fenv 204ms (cache miss)
56 silly packumentCache full:https://registry.npmjs.org/@next%2fenv set size:undefined disposed:false
57 silly fetch manifest styled-jsx@5.1.6
58 silly packumentCache full:https://registry.npmjs.org/styled-jsx cache-miss
59 http fetch GET 200 https://registry.npmjs.org/styled-jsx 40ms (cache miss)
60 silly packumentCache full:https://registry.npmjs.org/styled-jsx set size:undefined disposed:false
61 silly fetch manifest @swc/helpers@0.5.15
62 silly packumentCache full:https://registry.npmjs.org/@swc%2fhelpers cache-miss
63 http fetch GET 200 https://registry.npmjs.org/@swc%2fhelpers 57ms (cache miss)
64 silly packumentCache full:https://registry.npmjs.org/@swc%2fhelpers set size:undefined disposed:false
65 silly fetch manifest caniuse-lite@^1.0.30001579
66 silly packumentCache full:https://registry.npmjs.org/caniuse-lite cache-miss
67 http fetch GET 200 https://registry.npmjs.org/caniuse-lite 89ms (cache miss)
68 silly packumentCache full:https://registry.npmjs.org/caniuse-lite set size:undefined disposed:false
69 silly fetch manifest baseline-browser-mapping@^2.9.19
70 silly packumentCache full:https://registry.npmjs.org/baseline-browser-mapping cache-miss
71 http fetch GET 200 https://registry.npmjs.org/baseline-browser-mapping 41ms (cache miss)
72 silly packumentCache full:https://registry.npmjs.org/baseline-browser-mapping set size:undefined disposed:false
73 silly fetch manifest sharp@^0.35.3
74 silly packumentCache full:https://registry.npmjs.org/sharp cache-miss
75 http fetch GET 200 https://registry.npmjs.org/sharp 46ms (cache miss)
76 silly packumentCache full:https://registry.npmjs.org/sharp set size:undefined disposed:false
77 silly fetch manifest @next/swc-darwin-x64@16.3.0
78 silly packumentCache full:https://registry.npmjs.org/@next%2fswc-darwin-x64 cache-miss
79 http fetch GET 200 https://registry.npmjs.org/@next%2fswc-darwin-x64 186ms (cache miss)
80 silly packumentCache full:https://registry.npmjs.org/@next%2fswc-darwin-x64 set size:undefined disposed:false
81 silly fetch manifest @next/swc-darwin-arm64@16.3.0
82 silly packumentCache full:https://registry.npmjs.org/@next%2fswc-darwin-arm64 cache-miss
83 http fetch GET 200 https://registry.npmjs.org/@next%2fswc-darwin-arm64 195ms (cache miss)
84 silly packumentCache full:https://registry.npmjs.org/@next%2fswc-darwin-arm64 set size:undefined disposed:false
85 silly fetch manifest @next/swc-linux-x64-gnu@16.3.0
86 silly packumentCache full:https://registry.npmjs.org/@next%2fswc-linux-x64-gnu cache-miss
87 http fetch GET 200 https://registry.npmjs.org/@next%2fswc-linux-x64-gnu 188ms (cache miss)
88 silly packumentCache full:https://registry.npmjs.org/@next%2fswc-linux-x64-gnu set size:undefined disposed:false
89 silly fetch manifest @next/swc-linux-x64-musl@16.3.0
90 silly packumentCache full:https://registry.npmjs.org/@next%2fswc-linux-x64-musl cache-miss
91 http fetch GET 200 https://registry.npmjs.org/@next%2fswc-linux-x64-musl 196ms (cache miss)
92 silly packumentCache full:https://registry.npmjs.org/@next%2fswc-linux-x64-musl set size:undefined disposed:false
93 silly fetch manifest @next/swc-win32-x64-msvc@16.3.0
94 silly packumentCache full:https://registry.npmjs.org/@next%2fswc-win32-x64-msvc cache-miss
95 http fetch GET 200 https://registry.npmjs.org/@next%2fswc-win32-x64-msvc 186ms (cache miss)
96 silly packumentCache full:https://registry.npmjs.org/@next%2fswc-win32-x64-msvc set size:undefined disposed:false
97 silly fetch manifest @next/swc-linux-arm64-gnu@16.3.0
98 silly packumentCache full:https://registry.npmjs.org/@next%2fswc-linux-arm64-gnu cache-miss
99 http fetch GET 200 https://registry.npmjs.org/@next%2fswc-linux-arm64-gnu 209ms (cache miss)
100 silly packumentCache full:https://registry.npmjs.org/@next%2fswc-linux-arm64-gnu set size:undefined disposed:false
101 silly fetch manifest @next/swc-linux-arm64-musl@16.3.0
102 silly packumentCache full:https://registry.npmjs.org/@next%2fswc-linux-arm64-musl cache-miss
103 http fetch GET 200 https://registry.npmjs.org/@next%2fswc-linux-arm64-musl 184ms (cache miss)
104 silly packumentCache full:https://registry.npmjs.org/@next%2fswc-linux-arm64-musl set size:undefined disposed:false
105 silly fetch manifest @next/swc-win32-arm64-msvc@16.3.0
106 silly packumentCache full:https://registry.npmjs.org/@next%2fswc-win32-arm64-msvc cache-miss
107 http fetch GET 200 https://registry.npmjs.org/@next%2fswc-win32-arm64-msvc 210ms (cache miss)
108 silly packumentCache full:https://registry.npmjs.org/@next%2fswc-win32-arm64-msvc set size:undefined disposed:false
109 silly fetch manifest scheduler@^0.27.0
110 silly packumentCache full:https://registry.npmjs.org/scheduler cache-miss
111 http fetch GET 200 https://registry.npmjs.org/scheduler 204ms (cache miss)
112 silly packumentCache full:https://registry.npmjs.org/scheduler set size:undefined disposed:false
113 silly placeDep ROOT @next/env@16.3.0 OK for: next@16.3.0 want: 16.3.0
114 silly placeDep ROOT @next/swc-darwin-arm64@16.3.0 OK for: next@16.3.0 want: 16.3.0
115 silly placeDep ROOT @next/swc-darwin-x64@16.3.0 OK for: next@16.3.0 want: 16.3.0
116 silly placeDep ROOT @next/swc-linux-arm64-gnu@16.3.0 OK for: next@16.3.0 want: 16.3.0
117 silly placeDep ROOT @next/swc-linux-arm64-musl@16.3.0 OK for: next@16.3.0 want: 16.3.0
118 silly placeDep ROOT @next/swc-linux-x64-gnu@16.3.0 OK for: next@16.3.0 want: 16.3.0
119 silly placeDep ROOT @next/swc-linux-x64-musl@16.3.0 OK for: next@16.3.0 want: 16.3.0
120 silly placeDep ROOT @next/swc-win32-arm64-msvc@16.3.0 OK for: next@16.3.0 want: 16.3.0
121 silly placeDep ROOT @next/swc-win32-x64-msvc@16.3.0 OK for: next@16.3.0 want: 16.3.0
122 silly placeDep ROOT @swc/helpers@0.5.15 OK for: next@16.3.0 want: 0.5.15
123 silly placeDep ROOT baseline-browser-mapping@2.11.12 OK for: next@16.3.0 want: ^2.9.19
124 silly placeDep ROOT caniuse-lite@1.0.30001809 OK for: next@16.3.0 want: ^1.0.30001579
125 silly placeDep ROOT postcss@8.5.23 OK for: next@16.3.0 want: 8.5.23
126 silly placeDep ROOT sharp@0.35.3 OK for: next@16.3.0 want: ^0.35.3
127 silly placeDep ROOT styled-jsx@5.1.6 OK for: next@16.3.0 want: 5.1.6
128 silly fetch manifest tslib@^2.8.0
129 silly packumentCache full:https://registry.npmjs.org/tslib cache-miss
130 http fetch GET 200 https://registry.npmjs.org/tslib 47ms (cache miss)
131 silly packumentCache full:https://registry.npmjs.org/tslib set size:undefined disposed:false
132 silly fetch manifest nanoid@^3.3.16
133 silly packumentCache full:https://registry.npmjs.org/nanoid cache-miss
134 http fetch GET 200 https://registry.npmjs.org/nanoid 38ms (cache miss)
135 silly packumentCache full:https://registry.npmjs.org/nanoid set size:undefined disposed:false
136 silly fetch manifest picocolors@^1.1.1
137 silly packumentCache full:https://registry.npmjs.org/picocolors cache-miss
138 http fetch GET 200 https://registry.npmjs.org/picocolors 29ms (cache miss)
139 silly packumentCache full:https://registry.npmjs.org/picocolors set size:undefined disposed:false
140 silly fetch manifest source-map-js@^1.2.1
141 silly packumentCache full:https://registry.npmjs.org/source-map-js cache-miss
142 http fetch GET 200 https://registry.npmjs.org/source-map-js 32ms (cache miss)
143 silly packumentCache full:https://registry.npmjs.org/source-map-js set size:undefined disposed:false
144 silly fetch manifest @img/colour@^1.1.0
145 silly packumentCache full:https://registry.npmjs.org/@img%2fcolour cache-miss
146 http fetch GET 200 https://registry.npmjs.org/@img%2fcolour 45ms (cache miss)
147 silly packumentCache full:https://registry.npmjs.org/@img%2fcolour set size:undefined disposed:false
148 silly fetch manifest detect-libc@^2.1.2
149 silly packumentCache full:https://registry.npmjs.org/detect-libc cache-miss
150 http fetch GET 200 https://registry.npmjs.org/detect-libc 30ms (cache miss)
151 silly packumentCache full:https://registry.npmjs.org/detect-libc set size:undefined disposed:false
152 silly fetch manifest semver@^7.8.5
153 silly packumentCache full:https://registry.npmjs.org/semver cache-miss
154 http fetch GET 200 https://registry.npmjs.org/semver 36ms (cache miss)
155 silly packumentCache full:https://registry.npmjs.org/semver set size:undefined disposed:false
156 silly fetch manifest @img/sharp-darwin-arm64@0.35.3
157 silly packumentCache full:https://registry.npmjs.org/@img%2fsharp-darwin-arm64 cache-miss
158 http fetch GET 200 https://registry.npmjs.org/@img%2fsharp-darwin-arm64 45ms (cache miss)
159 silly packumentCache full:https://registry.npmjs.org/@img%2fsharp-darwin-arm64 set size:undefined disposed:false
160 silly fetch manifest @img/sharp-darwin-x64@0.35.3
161 silly packumentCache full:https://registry.npmjs.org/@img%2fsharp-darwin-x64 cache-miss
162 http fetch GET 200 https://registry.npmjs.org/@img%2fsharp-darwin-x64 45ms (cache miss)
163 silly packumentCache full:https://registry.npmjs.org/@img%2fsharp-darwin-x64 set size:undefined disposed:false
164 silly fetch manifest @img/sharp-freebsd-wasm32@0.35.3
165 silly packumentCache full:https://registry.npmjs.org/@img%2fsharp-freebsd-wasm32 cache-miss
166 http fetch GET 200 https://registry.npmjs.org/@img%2fsharp-freebsd-wasm32 39ms (cache miss)
167 silly packumentCache full:https://registry.npmjs.org/@img%2fsharp-freebsd-wasm32 set size:undefined disposed:false
168 silly fetch manifest @img/sharp-libvips-darwin-arm64@1.3.2
169 silly packumentCache full:https://registry.npmjs.org/@img%2fsharp-libvips-darwin-arm64 cache-miss
170 http fetch GET 200 https://registry.npmjs.org/@img%2fsharp-libvips-darwin-arm64 38ms (cache miss)
171 silly packumentCache full:https://registry.npmjs.org/@img%2fsharp-libvips-darwin-arm64 set size:undefined disposed:false
172 silly fetch manifest @img/sharp-libvips-darwin-x64@1.3.2
173 silly packumentCache full:https://registry.npmjs.org/@img%2fsharp-libvips-darwin-x64 cache-miss
174 http fetch GET 200 https://registry.npmjs.org/@img%2fsharp-libvips-darwin-x64 43ms (cache miss)
175 silly packumentCache full:https://registry.npmjs.org/@img%2fsharp-libvips-darwin-x64 set size:undefined disposed:false
176 silly fetch manifest @img/sharp-libvips-linux-arm@1.3.2
177 silly packumentCache full:https://registry.npmjs.org/@img%2fsharp-libvips-linux-arm cache-miss
178 http fetch GET 200 https://registry.npmjs.org/@img%2fsharp-libvips-linux-arm 41ms (cache miss)
179 silly packumentCache full:https://registry.npmjs.org/@img%2fsharp-libvips-linux-arm set size:undefined disposed:false
180 silly fetch manifest @img/sharp-libvips-linux-arm64@1.3.2
181 silly packumentCache full:https://registry.npmjs.org/@img%2fsharp-libvips-linux-arm64 cache-miss
182 http fetch GET 200 https://registry.npmjs.org/@img%2fsharp-libvips-linux-arm64 44ms (cache miss)
183 silly packumentCache full:https://registry.npmjs.org/@img%2fsharp-libvips-linux-arm64 set size:undefined disposed:false
184 silly fetch manifest @img/sharp-libvips-linux-ppc64@1.3.2
185 silly packumentCache full:https://registry.npmjs.org/@img%2fsharp-libvips-linux-ppc64 cache-miss
186 http fetch GET 200 https://registry.npmjs.org/@img%2fsharp-libvips-linux-ppc64 40ms (cache miss)
187 silly packumentCache full:https://registry.npmjs.org/@img%2fsharp-libvips-linux-ppc64 set size:undefined disposed:false
188 silly fetch manifest @img/sharp-libvips-linux-riscv64@1.3.2
189 silly packumentCache full:https://registry.npmjs.org/@img%2fsharp-libvips-linux-riscv64 cache-miss
190 http fetch GET 200 https://registry.npmjs.org/@img%2fsharp-libvips-linux-riscv64 39ms (cache miss)
191 silly packumentCache full:https://registry.npmjs.org/@img%2fsharp-libvips-linux-riscv64 set size:undefined disposed:false
192 silly fetch manifest @img/sharp-libvips-linux-s390x@1.3.2
193 silly packumentCache full:https://registry.npmjs.org/@img%2fsharp-libvips-linux-s390x cache-miss
194 http fetch GET 200 https://registry.npmjs.org/@img%2fsharp-libvips-linux-s390x 41ms (cache miss)
195 silly packumentCache full:https://registry.npmjs.org/@img%2fsharp-libvips-linux-s390x set size:undefined disposed:false
196 silly fetch manifest @img/sharp-libvips-linux-x64@1.3.2
197 silly packumentCache full:https://registry.npmjs.org/@img%2fsharp-libvips-linux-x64 cache-miss
198 http fetch GET 200 https://registry.npmjs.org/@img%2fsharp-libvips-linux-x64 42ms (cache miss)
199 silly packumentCache full:https://registry.npmjs.org/@img%2fsharp-libvips-linux-x64 set size:undefined disposed:false
200 silly fetch manifest @img/sharp-libvips-linuxmusl-arm64@1.3.2
201 silly packumentCache full:https://registry.npmjs.org/@img%2fsharp-libvips-linuxmusl-arm64 cache-miss
202 http fetch GET 200 https://registry.npmjs.org/@img%2fsharp-libvips-linuxmusl-arm64 42ms (cache miss)
203 silly packumentCache full:https://registry.npmjs.org/@img%2fsharp-libvips-linuxmusl-arm64 set size:undefined disposed:false
204 silly fetch manifest @img/sharp-libvips-linuxmusl-x64@1.3.2
205 silly packumentCache full:https://registry.npmjs.org/@img%2fsharp-libvips-linuxmusl-x64 cache-miss
206 http fetch GET 200 https://registry.npmjs.org/@img%2fsharp-libvips-linuxmusl-x64 41ms (cache miss)
207 silly packumentCache full:https://registry.npmjs.org/@img%2fsharp-libvips-linuxmusl-x64 set size:undefined disposed:false
208 silly fetch manifest @img/sharp-linux-arm@0.35.3
209 silly packumentCache full:https://registry.npmjs.org/@img%2fsharp-linux-arm cache-miss
210 http fetch GET 200 https://registry.npmjs.org/@img%2fsharp-linux-arm 43ms (cache miss)
211 silly packumentCache full:https://registry.npmjs.org/@img%2fsharp-linux-arm set size:undefined disposed:false
212 silly fetch manifest @img/sharp-linux-arm64@0.35.3
213 silly packumentCache full:https://registry.npmjs.org/@img%2fsharp-linux-arm64 cache-miss
214 http fetch GET 200 https://registry.npmjs.org/@img%2fsharp-linux-arm64 41ms (cache miss)
215 silly packumentCache full:https://registry.npmjs.org/@img%2fsharp-linux-arm64 set size:undefined disposed:false
216 silly fetch manifest @img/sharp-linux-ppc64@0.35.3
217 silly packumentCache full:https://registry.npmjs.org/@img%2fsharp-linux-ppc64 cache-miss
218 http fetch GET 200 https://registry.npmjs.org/@img%2fsharp-linux-ppc64 39ms (cache miss)
219 silly packumentCache full:https://registry.npmjs.org/@img%2fsharp-linux-ppc64 set size:undefined disposed:false
220 silly fetch manifest @img/sharp-linux-riscv64@0.35.3
221 silly packumentCache full:https://registry.npmjs.org/@img%2fsharp-linux-riscv64 cache-miss
222 http fetch GET 200 https://registry.npmjs.org/@img%2fsharp-linux-riscv64 36ms (cache miss)
223 silly packumentCache full:https://registry.npmjs.org/@img%2fsharp-linux-riscv64 set size:undefined disposed:false
224 silly fetch manifest @img/sharp-linux-s390x@0.35.3
225 silly packumentCache full:https://registry.npmjs.org/@img%2fsharp-linux-s390x cache-miss
226 http fetch GET 200 https://registry.npmjs.org/@img%2fsharp-linux-s390x 41ms (cache miss)
227 silly packumentCache full:https://registry.npmjs.org/@img%2fsharp-linux-s390x set size:undefined disposed:false
228 silly fetch manifest @img/sharp-linux-x64@0.35.3
229 silly packumentCache full:https://registry.npmjs.org/@img%2fsharp-linux-x64 cache-miss
230 http fetch GET 200 https://registry.npmjs.org/@img%2fsharp-linux-x64 40ms (cache miss)
231 silly packumentCache full:https://registry.npmjs.org/@img%2fsharp-linux-x64 set size:undefined disposed:false
232 silly fetch manifest @img/sharp-linuxmusl-arm64@0.35.3
233 silly packumentCache full:https://registry.npmjs.org/@img%2fsharp-linuxmusl-arm64 cache-miss
234 http fetch GET 200 https://registry.npmjs.org/@img%2fsharp-linuxmusl-arm64 44ms (cache miss)
235 silly packumentCache full:https://registry.npmjs.org/@img%2fsharp-linuxmusl-arm64 set size:undefined disposed:false
236 silly fetch manifest @img/sharp-linuxmusl-x64@0.35.3
237 silly packumentCache full:https://registry.npmjs.org/@img%2fsharp-linuxmusl-x64 cache-miss
238 http fetch GET 200 https://registry.npmjs.org/@img%2fsharp-linuxmusl-x64 40ms (cache miss)
239 silly packumentCache full:https://registry.npmjs.org/@img%2fsharp-linuxmusl-x64 set size:undefined disposed:false
240 silly fetch manifest @img/sharp-webcontainers-wasm32@0.35.3
241 silly packumentCache full:https://registry.npmjs.org/@img%2fsharp-webcontainers-wasm32 cache-miss
242 http fetch GET 200 https://registry.npmjs.org/@img%2fsharp-webcontainers-wasm32 43ms (cache miss)
243 silly packumentCache full:https://registry.npmjs.org/@img%2fsharp-webcontainers-wasm32 set size:undefined disposed:false
244 silly fetch manifest @img/sharp-win32-arm64@0.35.3
245 silly packumentCache full:https://registry.npmjs.org/@img%2fsharp-win32-arm64 cache-miss
246 http fetch GET 200 https://registry.npmjs.org/@img%2fsharp-win32-arm64 40ms (cache miss)
247 silly packumentCache full:https://registry.npmjs.org/@img%2fsharp-win32-arm64 set size:undefined disposed:false
248 silly fetch manifest @img/sharp-win32-ia32@0.35.3
249 silly packumentCache full:https://registry.npmjs.org/@img%2fsharp-win32-ia32 cache-miss
250 http fetch GET 200 https://registry.npmjs.org/@img%2fsharp-win32-ia32 43ms (cache miss)
251 silly packumentCache full:https://registry.npmjs.org/@img%2fsharp-win32-ia32 set size:undefined disposed:false
252 silly fetch manifest @img/sharp-win32-x64@0.35.3
253 silly packumentCache full:https://registry.npmjs.org/@img%2fsharp-win32-x64 cache-miss
254 http fetch GET 200 https://registry.npmjs.org/@img%2fsharp-win32-x64 40ms (cache miss)
255 silly packumentCache full:https://registry.npmjs.org/@img%2fsharp-win32-x64 set size:undefined disposed:false
256 silly fetch manifest client-only@0.0.1
257 silly packumentCache full:https://registry.npmjs.org/client-only cache-miss
258 http fetch GET 200 https://registry.npmjs.org/client-only 25ms (cache miss)
259 silly packumentCache full:https://registry.npmjs.org/client-only set size:undefined disposed:false
260 silly placeDep ROOT tslib@2.8.1 OK for: @swc/helpers@0.5.15 want: ^2.8.0
261 silly placeDep ROOT nanoid@3.3.18 OK for: postcss@8.5.23 want: ^3.3.16
262 silly placeDep ROOT picocolors@1.1.1 OK for: postcss@8.5.23 want: ^1.1.1
263 silly placeDep ROOT source-map-js@1.2.1 OK for: postcss@8.5.23 want: ^1.2.1
264 silly placeDep ROOT scheduler@0.27.0 OK for: react-dom@19.2.8 want: ^0.27.0
265 silly placeDep ROOT @img/colour@1.1.0 OK for: sharp@0.35.3 want: ^1.1.0
266 silly placeDep ROOT @img/sharp-darwin-arm64@0.35.3 OK for: sharp@0.35.3 want: 0.35.3
267 silly placeDep ROOT @img/sharp-darwin-x64@0.35.3 OK for: sharp@0.35.3 want: 0.35.3
268 silly placeDep ROOT @img/sharp-freebsd-wasm32@0.35.3 OK for: sharp@0.35.3 want: 0.35.3
269 silly placeDep ROOT @img/sharp-libvips-darwin-arm64@1.3.2 OK for: sharp@0.35.3 want: 1.3.2
270 silly placeDep ROOT @img/sharp-libvips-darwin-x64@1.3.2 OK for: sharp@0.35.3 want: 1.3.2
271 silly placeDep ROOT @img/sharp-libvips-linux-arm@1.3.2 OK for: sharp@0.35.3 want: 1.3.2
272 silly placeDep ROOT @img/sharp-libvips-linux-arm64@1.3.2 OK for: sharp@0.35.3 want: 1.3.2
273 silly placeDep ROOT @img/sharp-libvips-linux-ppc64@1.3.2 OK for: sharp@0.35.3 want: 1.3.2
274 silly placeDep ROOT @img/sharp-libvips-linux-riscv64@1.3.2 OK for: sharp@0.35.3 want: 1.3.2
275 silly placeDep ROOT @img/sharp-libvips-linux-s390x@1.3.2 OK for: sharp@0.35.3 want: 1.3.2
276 silly placeDep ROOT @img/sharp-libvips-linux-x64@1.3.2 OK for: sharp@0.35.3 want: 1.3.2
277 silly placeDep ROOT @img/sharp-libvips-linuxmusl-arm64@1.3.2 OK for: sharp@0.35.3 want: 1.3.2
278 silly placeDep ROOT @img/sharp-libvips-linuxmusl-x64@1.3.2 OK for: sharp@0.35.3 want: 1.3.2
279 silly placeDep ROOT @img/sharp-linux-arm@0.35.3 OK for: sharp@0.35.3 want: 0.35.3
280 silly placeDep ROOT @img/sharp-linux-arm64@0.35.3 OK for: sharp@0.35.3 want: 0.35.3
281 silly placeDep ROOT @img/sharp-linux-ppc64@0.35.3 OK for: sharp@0.35.3 want: 0.35.3
282 silly placeDep ROOT @img/sharp-linux-riscv64@0.35.3 OK for: sharp@0.35.3 want: 0.35.3
283 silly placeDep ROOT @img/sharp-linux-s390x@0.35.3 OK for: sharp@0.35.3 want: 0.35.3
284 silly placeDep ROOT @img/sharp-linux-x64@0.35.3 OK for: sharp@0.35.3 want: 0.35.3
285 silly placeDep ROOT @img/sharp-linuxmusl-arm64@0.35.3 OK for: sharp@0.35.3 want: 0.35.3
286 silly placeDep ROOT @img/sharp-linuxmusl-x64@0.35.3 OK for: sharp@0.35.3 want: 0.35.3
287 silly placeDep ROOT @img/sharp-webcontainers-wasm32@0.35.3 OK for: sharp@0.35.3 want: 0.35.3
288 silly placeDep ROOT @img/sharp-win32-arm64@0.35.3 OK for: sharp@0.35.3 want: 0.35.3
289 silly placeDep ROOT @img/sharp-win32-ia32@0.35.3 OK for: sharp@0.35.3 want: 0.35.3
290 silly placeDep ROOT @img/sharp-win32-x64@0.35.3 OK for: sharp@0.35.3 want: 0.35.3
291 silly placeDep ROOT detect-libc@2.1.2 OK for: sharp@0.35.3 want: ^2.1.2
292 silly placeDep ROOT semver@7.8.5 OK for: sharp@0.35.3 want: ^7.8.5
293 silly fetch manifest @img/sharp-wasm32@0.35.3
294 silly packumentCache full:https://registry.npmjs.org/@img%2fsharp-wasm32 cache-miss
295 http fetch GET 200 https://registry.npmjs.org/@img%2fsharp-wasm32 44ms (cache miss)
296 silly packumentCache full:https://registry.npmjs.org/@img%2fsharp-wasm32 set size:undefined disposed:false
297 silly placeDep ROOT @img/sharp-wasm32@0.35.3 OK for: @img/sharp-freebsd-wasm32@0.35.3 want: 0.35.3
298 silly fetch manifest @emnapi/runtime@^1.11.1
299 silly packumentCache full:https://registry.npmjs.org/@emnapi%2fruntime cache-miss
300 http fetch GET 200 https://registry.npmjs.org/@emnapi%2fruntime 43ms (cache miss)
301 silly packumentCache full:https://registry.npmjs.org/@emnapi%2fruntime set size:undefined disposed:false
302 silly placeDep ROOT @emnapi/runtime@1.11.3 OK for: @img/sharp-wasm32@0.35.3 want: ^1.11.1
303 silly placeDep ROOT client-only@0.0.1 OK for: styled-jsx@5.1.6 want: 0.0.1
304 silly reify moves {}
305 silly audit bulk request {
305 silly audit   next: [ '16.3.0' ],
305 silly audit   react: [ '19.2.8' ],
305 silly audit   'react-dom': [ '19.2.8' ],
305 silly audit   '@next/env': [ '16.3.0' ],
305 silly audit   '@next/swc-darwin-arm64': [ '16.3.0' ],
305 silly audit   '@next/swc-darwin-x64': [ '16.3.0' ],
305 silly audit   '@next/swc-linux-arm64-gnu': [ '16.3.0' ],
305 silly audit   '@next/swc-linux-arm64-musl': [ '16.3.0' ],
305 silly audit   '@next/swc-linux-x64-gnu': [ '16.3.0' ],
305 silly audit   '@next/swc-linux-x64-musl': [ '16.3.0' ],
305 silly audit   '@next/swc-win32-arm64-msvc': [ '16.3.0' ],
305 silly audit   '@next/swc-win32-x64-msvc': [ '16.3.0' ],
305 silly audit   '@swc/helpers': [ '0.5.15' ],
305 silly audit   'baseline-browser-mapping': [ '2.11.12' ],
305 silly audit   'caniuse-lite': [ '1.0.30001809' ],
305 silly audit   postcss: [ '8.5.23' ],
305 silly audit   sharp: [ '0.35.3' ],
305 silly audit   'styled-jsx': [ '5.1.6' ],
305 silly audit   tslib: [ '2.8.1' ],
305 silly audit   nanoid: [ '3.3.18' ],
305 silly audit   picocolors: [ '1.1.1' ],
305 silly audit   'source-map-js': [ '1.2.1' ],
305 silly audit   scheduler: [ '0.27.0' ],
305 silly audit   '@img/colour': [ '1.1.0' ],
305 silly audit   '@img/sharp-darwin-arm64': [ '0.35.3' ],
305 silly audit   '@img/sharp-darwin-x64': [ '0.35.3' ],
305 silly audit   '@img/sharp-freebsd-wasm32': [ '0.35.3' ],
305 silly audit   '@img/sharp-libvips-darwin-arm64': [ '1.3.2' ],
305 silly audit   '@img/sharp-libvips-darwin-x64': [ '1.3.2' ],
305 silly audit   '@img/sharp-libvips-linux-arm': [ '1.3.2' ],
305 silly audit   '@img/sharp-libvips-linux-arm64': [ '1.3.2' ],
305 silly audit   '@img/sharp-libvips-linux-ppc64': [ '1.3.2' ],
305 silly audit   '@img/sharp-libvips-linux-riscv64': [ '1.3.2' ],
305 silly audit   '@img/sharp-libvips-linux-s390x': [ '1.3.2' ],
305 silly audit   '@img/sharp-libvips-linux-x64': [ '1.3.2' ],
305 silly audit   '@img/sharp-libvips-linuxmusl-arm64': [ '1.3.2' ],
305 silly audit   '@img/sharp-libvips-linuxmusl-x64': [ '1.3.2' ],
305 silly audit   '@img/sharp-linux-arm': [ '0.35.3' ],
305 silly audit   '@img/sharp-linux-arm64': [ '0.35.3' ],
305 silly audit   '@img/sharp-linux-ppc64': [ '0.35.3' ],
305 silly audit   '@img/sharp-linux-riscv64': [ '0.35.3' ],
305 silly audit   '@img/sharp-linux-s390x': [ '0.35.3' ],
305 silly audit   '@img/sharp-linux-x64': [ '0.35.3' ],
305 silly audit   '@img/sharp-linuxmusl-arm64': [ '0.35.3' ],
305 silly audit   '@img/sharp-linuxmusl-x64': [ '0.35.3' ],
305 silly audit   '@img/sharp-webcontainers-wasm32': [ '0.35.3' ],
305 silly audit   '@img/sharp-win32-arm64': [ '0.35.3' ],
305 silly audit   '@img/sharp-win32-ia32': [ '0.35.3' ],
305 silly audit   '@img/sharp-win32-x64': [ '0.35.3' ],
305 silly audit   'detect-libc': [ '2.1.2' ],
305 silly audit   semver: [ '7.8.5' ],
305 silly audit   '@img/sharp-wasm32': [ '0.35.3' ],
305 silly audit   '@emnapi/runtime': [ '1.11.3' ],
305 silly audit   'client-only': [ '0.0.1' ]
305 silly audit }
306 verbose reify failed optional dependency /home/user/.npm/_npx/8b377f6eec906bc4/node_modules/@img/sharp-win32-x64
307 silly reify mark deleted [
307 silly reify   '/home/user/.npm/_npx/8b377f6eec906bc4/node_modules/@img/sharp-win32-x64'
307 silly reify ]
308 verbose reify failed optional dependency /home/user/.npm/_npx/8b377f6eec906bc4/node_modules/@img/sharp-win32-ia32
309 silly reify mark deleted [
309 silly reify   '/home/user/.npm/_npx/8b377f6eec906bc4/node_modules/@img/sharp-win32-ia32'
309 silly reify ]
310 verbose reify failed optional dependency /home/user/.npm/_npx/8b377f6eec906bc4/node_modules/@img/sharp-win32-arm64
311 silly reify mark deleted [
311 silly reify   '/home/user/.npm/_npx/8b377f6eec906bc4/node_modules/@img/sharp-win32-arm64'
311 silly reify ]
312 verbose reify failed optional dependency /home/user/.npm/_npx/8b377f6eec906bc4/node_modules/@img/sharp-webcontainers-wasm32
313 silly reify mark deleted [
313 silly reify   '/home/user/.npm/_npx/8b377f6eec906bc4/node_modules/@img/sharp-webcontainers-wasm32'
313 silly reify ]
314 verbose reify failed optional dependency /home/user/.npm/_npx/8b377f6eec906bc4/node_modules/@img/sharp-linuxmusl-x64
315 silly reify mark deleted [
315 silly reify   '/home/user/.npm/_npx/8b377f6eec906bc4/node_modules/@img/sharp-linuxmusl-x64'
315 silly reify ]
316 verbose reify failed optional dependency /home/user/.npm/_npx/8b377f6eec906bc4/node_modules/@img/sharp-linuxmusl-arm64
317 silly reify mark deleted [
317 silly reify   '/home/user/.npm/_npx/8b377f6eec906bc4/node_modules/@img/sharp-linuxmusl-arm64'
317 silly reify ]
318 verbose reify failed optional dependency /home/user/.npm/_npx/8b377f6eec906bc4/node_modules/@img/sharp-linux-s390x
319 silly reify mark deleted [
319 silly reify   '/home/user/.npm/_npx/8b377f6eec906bc4/node_modules/@img/sharp-linux-s390x'
319 silly reify ]
320 verbose reify failed optional dependency /home/user/.npm/_npx/8b377f6eec906bc4/node_modules/@img/sharp-linux-riscv64
321 silly reify mark deleted [
321 silly reify   '/home/user/.npm/_npx/8b377f6eec906bc4/node_modules/@img/sharp-linux-riscv64'
321 silly reify ]
322 verbose reify failed optional dependency /home/user/.npm/_npx/8b377f6eec906bc4/node_modules/@img/sharp-linux-ppc64
323 silly reify mark deleted [
323 silly reify   '/home/user/.npm/_npx/8b377f6eec906bc4/node_modules/@img/sharp-linux-ppc64'
323 silly reify ]
324 verbose reify failed optional dependency /home/user/.npm/_npx/8b377f6eec906bc4/node_modules/@img/sharp-linux-arm64
325 silly reify mark deleted [
325 silly reify   '/home/user/.npm/_npx/8b377f6eec906bc4/node_modules/@img/sharp-linux-arm64'
325 silly reify ]
326 verbose reify failed optional dependency /home/user/.npm/_npx/8b377f6eec906bc4/node_modules/@img/sharp-linux-arm
327 silly reify mark deleted [
327 silly reify   '/home/user/.npm/_npx/8b377f6eec906bc4/node_modules/@img/sharp-linux-arm'
327 silly reify ]
328 verbose reify failed optional dependency /home/user/.npm/_npx/8b377f6eec906bc4/node_modules/@img/sharp-libvips-linuxmusl-x64
329 silly reify mark deleted [
329 silly reify   '/home/user/.npm/_npx/8b377f6eec906bc4/node_modules/@img/sharp-libvips-linuxmusl-x64'
329 silly reify ]
330 verbose reify failed optional dependency /home/user/.npm/_npx/8b377f6eec906bc4/node_modules/@img/sharp-libvips-linuxmusl-arm64
331 silly reify mark deleted [
331 silly reify   '/home/user/.npm/_npx/8b377f6eec906bc4/node_modules/@img/sharp-libvips-linuxmusl-arm64'
331 silly reify ]
332 verbose reify failed optional dependency /home/user/.npm/_npx/8b377f6eec906bc4/node_modules/@img/sharp-libvips-linux-s390x
333 silly reify mark deleted [
333 silly reify   '/home/user/.npm/_npx/8b377f6eec906bc4/node_modules/@img/sharp-libvips-linux-s390x'
333 silly reify ]
334 verbose reify failed optional dependency /home/user/.npm/_npx/8b377f6eec906bc4/node_modules/@img/sharp-libvips-linux-riscv64
335 silly reify mark deleted [
335 silly reify   '/home/user/.npm/_npx/8b377f6eec906bc4/node_modules/@img/sharp-libvips-linux-riscv64'
335 silly reify ]
336 verbose reify failed optional dependency /home/user/.npm/_npx/8b377f6eec906bc4/node_modules/@img/sharp-libvips-linux-ppc64
337 silly reify mark deleted [
337 silly reify   '/home/user/.npm/_npx/8b377f6eec906bc4/node_modules/@img/sharp-libvips-linux-ppc64'
337 silly reify ]
338 verbose reify failed optional dependency /home/user/.npm/_npx/8b377f6eec906bc4/node_modules/@img/sharp-libvips-linux-arm64
339 silly reify mark deleted [
339 silly reify   '/home/user/.npm/_npx/8b377f6eec906bc4/node_modules/@img/sharp-libvips-linux-arm64'
339 silly reify ]
340 verbose reify failed optional dependency /home/user/.npm/_npx/8b377f6eec906bc4/node_modules/@img/sharp-libvips-linux-arm
341 silly reify mark deleted [
341 silly reify   '/home/user/.npm/_npx/8b377f6eec906bc4/node_modules/@img/sharp-libvips-linux-arm'
341 silly reify ]
342 verbose reify failed optional dependency /home/user/.npm/_npx/8b377f6eec906bc4/node_modules/@img/sharp-libvips-darwin-x64
343 silly reify mark deleted [
343 silly reify   '/home/user/.npm/_npx/8b377f6eec906bc4/node_modules/@img/sharp-libvips-darwin-x64'
343 silly reify ]
344 verbose reify failed optional dependency /home/user/.npm/_npx/8b377f6eec906bc4/node_modules/@img/sharp-libvips-darwin-arm64
345 silly reify mark deleted [
345 silly reify   '/home/user/.npm/_npx/8b377f6eec906bc4/node_modules/@img/sharp-libvips-darwin-arm64'
345 silly reify ]
346 verbose reify failed optional dependency /home/user/.npm/_npx/8b377f6eec906bc4/node_modules/@img/sharp-freebsd-wasm32
347 silly reify mark deleted [
347 silly reify   '/home/user/.npm/_npx/8b377f6eec906bc4/node_modules/@img/sharp-freebsd-wasm32'
347 silly reify ]
348 verbose reify failed optional dependency /home/user/.npm/_npx/8b377f6eec906bc4/node_modules/@img/sharp-darwin-x64
349 silly reify mark deleted [
349 silly reify   '/home/user/.npm/_npx/8b377f6eec906bc4/node_modules/@img/sharp-darwin-x64'
349 silly reify ]
350 verbose reify failed optional dependency /home/user/.npm/_npx/8b377f6eec906bc4/node_modules/@img/sharp-darwin-arm64
351 silly reify mark deleted [
351 silly reify   '/home/user/.npm/_npx/8b377f6eec906bc4/node_modules/@img/sharp-darwin-arm64'
351 silly reify ]
352 verbose reify failed optional dependency /home/user/.npm/_npx/8b377f6eec906bc4/node_modules/@next/swc-win32-x64-msvc
353 silly reify mark deleted [
353 silly reify   '/home/user/.npm/_npx/8b377f6eec906bc4/node_modules/@next/swc-win32-x64-msvc'
353 silly reify ]
354 verbose reify failed optional dependency /home/user/.npm/_npx/8b377f6eec906bc4/node_modules/@next/swc-win32-arm64-msvc
355 silly reify mark deleted [
355 silly reify   '/home/user/.npm/_npx/8b377f6eec906bc4/node_modules/@next/swc-win32-arm64-msvc'
355 silly reify ]
356 verbose reify failed optional dependency /home/user/.npm/_npx/8b377f6eec906bc4/node_modules/@next/swc-linux-x64-musl
357 silly reify mark deleted [
357 silly reify   '/home/user/.npm/_npx/8b377f6eec906bc4/node_modules/@next/swc-linux-x64-musl'
357 silly reify ]
358 verbose reify failed optional dependency /home/user/.npm/_npx/8b377f6eec906bc4/node_modules/@next/swc-linux-arm64-musl
359 silly reify mark deleted [
359 silly reify   '/home/user/.npm/_npx/8b377f6eec906bc4/node_modules/@next/swc-linux-arm64-musl'
359 silly reify ]
360 verbose reify failed optional dependency /home/user/.npm/_npx/8b377f6eec906bc4/node_modules/@next/swc-linux-arm64-gnu
361 silly reify mark deleted [
361 silly reify   '/home/user/.npm/_npx/8b377f6eec906bc4/node_modules/@next/swc-linux-arm64-gnu'
361 silly reify ]
362 verbose reify failed optional dependency /home/user/.npm/_npx/8b377f6eec906bc4/node_modules/@next/swc-darwin-x64
363 silly reify mark deleted [
363 silly reify   '/home/user/.npm/_npx/8b377f6eec906bc4/node_modules/@next/swc-darwin-x64'
363 silly reify ]
364 verbose reify failed optional dependency /home/user/.npm/_npx/8b377f6eec906bc4/node_modules/@next/swc-darwin-arm64
365 silly reify mark deleted [
365 silly reify   '/home/user/.npm/_npx/8b377f6eec906bc4/node_modules/@next/swc-darwin-arm64'
365 silly reify ]
366 silly tarball no local data for client-only@https://registry.npmjs.org/client-only/-/client-only-0.0.1.tgz. Extracting by manifest.
367 silly tarball no local data for @emnapi/runtime@https://registry.npmjs.org/@emnapi/runtime/-/runtime-1.11.3.tgz. Extracting by manifest.
368 silly tarball no local data for @img/sharp-wasm32@https://registry.npmjs.org/@img/sharp-wasm32/-/sharp-wasm32-0.35.3.tgz. Extracting by manifest.
369 silly tarball no local data for semver@https://registry.npmjs.org/semver/-/semver-7.8.5.tgz. Extracting by manifest.
370 silly tarball no local data for detect-libc@https://registry.npmjs.org/detect-libc/-/detect-libc-2.1.2.tgz. Extracting by manifest.
371 silly tarball no local data for @img/sharp-linux-x64@https://registry.npmjs.org/@img/sharp-linux-x64/-/sharp-linux-x64-0.35.3.tgz. Extracting by manifest.
372 silly tarball no local data for @img/sharp-libvips-linux-x64@https://registry.npmjs.org/@img/sharp-libvips-linux-x64/-/sharp-libvips-linux-x64-1.3.2.tgz. Extracting by manifest.
373 silly tarball no local data for @img/colour@https://registry.npmjs.org/@img/colour/-/colour-1.1.0.tgz. Extracting by manifest.
374 silly tarball no local data for scheduler@https://registry.npmjs.org/scheduler/-/scheduler-0.27.0.tgz. Extracting by manifest.
375 silly tarball no local data for source-map-js@https://registry.npmjs.org/source-map-js/-/source-map-js-1.2.1.tgz. Extracting by manifest.
376 silly tarball no local data for picocolors@https://registry.npmjs.org/picocolors/-/picocolors-1.1.1.tgz. Extracting by manifest.
377 silly tarball no local data for nanoid@https://registry.npmjs.org/nanoid/-/nanoid-3.3.18.tgz. Extracting by manifest.
378 silly tarball no local data for tslib@https://registry.npmjs.org/tslib/-/tslib-2.8.1.tgz. Extracting by manifest.
379 silly tarball no local data for styled-jsx@https://registry.npmjs.org/styled-jsx/-/styled-jsx-5.1.6.tgz. Extracting by manifest.
380 silly tarball no local data for sharp@https://registry.npmjs.org/sharp/-/sharp-0.35.3.tgz. Extracting by manifest.
381 silly tarball no local data for postcss@https://registry.npmjs.org/postcss/-/postcss-8.5.23.tgz. Extracting by manifest.
382 silly tarball no local data for caniuse-lite@https://registry.npmjs.org/caniuse-lite/-/caniuse-lite-1.0.30001809.tgz. Extracting by manifest.
383 silly tarball no local data for baseline-browser-mapping@https://registry.npmjs.org/baseline-browser-mapping/-/baseline-browser-mapping-2.11.12.tgz. Extracting by manifest.
384 silly tarball no local data for @swc/helpers@https://registry.npmjs.org/@swc/helpers/-/helpers-0.5.15.tgz. Extracting by manifest.
385 silly tarball no local data for @next/swc-linux-x64-gnu@https://registry.npmjs.org/@next/swc-linux-x64-gnu/-/swc-linux-x64-gnu-16.3.0.tgz. Extracting by manifest.
386 silly tarball no local data for @next/env@https://registry.npmjs.org/@next/env/-/env-16.3.0.tgz. Extracting by manifest.
387 silly tarball no local data for react-dom@https://registry.npmjs.org/react-dom/-/react-dom-19.2.8.tgz. Extracting by manifest.
388 silly tarball no local data for react@https://registry.npmjs.org/react/-/react-19.2.8.tgz. Extracting by manifest.
389 silly tarball no local data for next@https://registry.npmjs.org/next/-/next-16.3.0.tgz. Extracting by manifest.
390 http fetch POST 200 https://registry.npmjs.org/-/npm/v1/security/advisories/bulk 240ms
391 silly audit report {}
392 http fetch GET 200 https://registry.npmjs.org/client-only/-/client-only-0.0.1.tgz 125ms (cache miss)
393 http fetch GET 200 https://registry.npmjs.org/baseline-browser-mapping/-/baseline-browser-mapping-2.11.12.tgz 430ms (cache miss)
394 http fetch GET 200 https://registry.npmjs.org/picocolors/-/picocolors-1.1.1.tgz 459ms (cache miss)
395 http fetch GET 200 https://registry.npmjs.org/detect-libc/-/detect-libc-2.1.2.tgz 502ms (cache miss)
396 http fetch GET 200 https://registry.npmjs.org/@next/env/-/env-16.3.0.tgz 510ms (cache miss)
397 http fetch GET 200 https://registry.npmjs.org/scheduler/-/scheduler-0.27.0.tgz 545ms (cache miss)
398 http fetch GET 200 https://registry.npmjs.org/@img/colour/-/colour-1.1.0.tgz 611ms (cache miss)
399 http fetch GET 200 https://registry.npmjs.org/nanoid/-/nanoid-3.3.18.tgz 610ms (cache miss)
400 http fetch GET 200 https://registry.npmjs.org/tslib/-/tslib-2.8.1.tgz 627ms (cache miss)
401 http fetch GET 200 https://registry.npmjs.org/source-map-js/-/source-map-js-1.2.1.tgz 653ms (cache miss)
402 http fetch GET 200 https://registry.npmjs.org/react/-/react-19.2.8.tgz 654ms (cache miss)
403 http fetch GET 200 https://registry.npmjs.org/@emnapi/runtime/-/runtime-1.11.3.tgz 677ms (cache miss)
404 http fetch GET 200 https://registry.npmjs.org/postcss/-/postcss-8.5.23.tgz 675ms (cache miss)
405 http fetch GET 200 https://registry.npmjs.org/@img/sharp-linux-x64/-/sharp-linux-x64-0.35.3.tgz 703ms (cache miss)
406 http fetch GET 200 https://registry.npmjs.org/semver/-/semver-7.8.5.tgz 720ms (cache miss)
407 http fetch GET 200 https://registry.npmjs.org/styled-jsx/-/styled-jsx-5.1.6.tgz 754ms (cache miss)
408 http fetch GET 200 https://registry.npmjs.org/sharp/-/sharp-0.35.3.tgz 755ms (cache miss)
409 http fetch GET 200 https://registry.npmjs.org/react-dom/-/react-dom-19.2.8.tgz 1055ms (cache miss)
410 http fetch GET 200 https://registry.npmjs.org/@img/sharp-wasm32/-/sharp-wasm32-0.35.3.tgz 1178ms (cache miss)
411 http fetch GET 200 https://registry.npmjs.org/@swc/helpers/-/helpers-0.5.15.tgz 1178ms (cache miss)
412 http fetch GET 200 https://registry.npmjs.org/caniuse-lite/-/caniuse-lite-1.0.30001809.tgz 1284ms (cache miss)
413 http fetch GET 200 https://registry.npmjs.org/@img/sharp-libvips-linux-x64/-/sharp-libvips-linux-x64-1.3.2.tgz 1423ms (cache miss)
414 http fetch GET 200 https://registry.npmjs.org/@next/swc-linux-x64-gnu/-/swc-linux-x64-gnu-16.3.0.tgz 2741ms (cache miss)
415 http fetch GET 200 https://registry.npmjs.org/next/-/next-16.3.0.tgz 6377ms (cache miss)
416 verbose cwd /home/user
417 verbose os Linux 6.1.158+
418 verbose node v20.20.2
419 verbose npm  v10.8.2
420 notice
420 notice New major version of npm available! 10.8.2 -> 12.0.2
420 notice Changelog: https://github.com/npm/cli/releases/tag/v12.0.2
420 notice To update run: npm install -g npm@12.0.2
420 notice  { force: true, [Symbol(proc-log.meta)]: true }
421 verbose exit 1
422 verbose code 1
